[
  [
    "X",
    "Hello world"
  ],
  [
    "X.Hello world"
  ]
]